mts\ftth\vc4\models\User$1.class
mts\ftth\vc4\services\GponServiceImpl$3.class
mts\ftth\vc4\models\User$UserBuilderImpl.class
mts\ftth\vc4\services\ODFServiceImpl$1.class
mts\ftth\vc4\models\UserPermission$UserPermissionBuilder.class
mts\ftth\vc4\models\UserPermission$1.class
mts\ftth\vc4\models\User$UserBuilder.class
mts\ftth\vc4\services\ODFServiceImpl$2.class
mts\ftth\vc4\models\SYS_CONFIG$SYS_CONFIGBuilderImpl.class
mts\ftth\vc4\models\UserDataScope$UserDataScopeBuilder.class
mts\ftth\vc4\services\CabinetServiceImpl$1.class
mts\ftth\vc4\models\SYS_CONFIG$1.class
mts\ftth\vc4\models\UserDataScope$UserDataScopeBuilderImpl.class
mts\ftth\vc4\models\UserDataScope$1.class
mts\ftth\vc4\payload\response\APIResponse$1.class
mts\ftth\vc4\models\SYS_AUDIT$SYS_AUDITBuilder.class
mts\ftth\vc4\services\CabinetServiceImpl$2.class
mts\ftth\vc4\services\GponServiceImpl$2.class
mts\ftth\vc4\payload\response\APIResponse$APIResponseBuilder.class
mts\ftth\vc4\services\CabinetServiceImpl$3.class
mts\ftth\vc4\models\SYS_AUDIT$SYS_AUDITBuilderImpl.class
mts\ftth\vc4\payload\response\APIResponse$APIResponseBuilderImpl.class
mts\ftth\vc4\models\SYS_AUDIT$1.class
mts\ftth\vc4\models\UserPermission$UserPermissionBuilderImpl.class
mts\ftth\vc4\models\SYS_CONFIG$SYS_CONFIGBuilder.class
